[?7lhomedecor_oil_extract.png
homedecor_paraffin.png
homedecor_plastic_sheeting.png
pipeworks_autocrafter.png
pipeworks_black.png
pipeworks_blue.png
pipeworks_deployer_back.png
pipeworks_deployer_bottom.png
pipeworks_deployer_front_off.png
pipeworks_deployer_front_on.png
pipeworks_deployer_side1.png
pipeworks_deployer_side2.png
pipeworks_deployer_side.png
pipeworks_deployer_top.png
pipeworks_digiline_filter_input.png
pipeworks_digiline_filter_output.png
pipeworks_digiline_filter_side.png
pipeworks_digiline_filter_top.png
pipeworks_filter_input.png
pipeworks_filter_output.png
pipeworks_filter_side.png
pipeworks_filter_top.png
pipeworks_green.png
pipeworks_mese_filter_input.png
pipeworks_mese_filter_output.png
pipeworks_mese_filter_side.png
pipeworks_mese_filter_top.png
pipeworks_nodebreaker_back.png
pipeworks_nodebreaker_bottom_off.png
pipeworks_nodebreaker_bottom_on.png
pipeworks_nodebreaker_front_off.png
pipeworks_nodebreaker_front_on.png
pipeworks_nodebreaker_side1_off.png
pipeworks_nodebreaker_side1_on.png
pipeworks_nodebreaker_side2_off.png
pipeworks_nodebreaker_side2_on.png
pipeworks_nodebreaker_top_off.png
pipeworks_nodebreaker_top_on.png
pipeworks_plastic_sheeting.png
pipeworks_red.png
pipeworks_storage_tank_back.png
pipeworks_storage_tank_fittings.png
pipeworks_storage_tank_front_10.png
pipeworks_storage_tank_front_1.png
pipeworks_storage_tank_front_2.png
pipeworks_storage_tank_front_3.png
pipeworks_storage_tank_front_4.png
pipeworks_storage_tank_front_5.png
pipeworks_storage_tank_front_6.png
pipeworks_storage_tank_front_7.png
pipeworks_storage_tank_front_8.png
pipeworks_storage_tank_front_9.png
pipeworks_trashcan_bottom.png
pipeworks_trashcan_side.png
pipeworks_white.png
pipeworks_yellow.png
